<html>
  <body>
    <p>Markdown.</p>
    
  </body>
</html>
